2026-08-28 10:12:28,691 - INFO - Next run: 2026-08-29 09:00:00
2026-08-28 10:14:04,742 - INFO - Next run: 2026-08-29 09:00:00
2026-08-28 10:16:09,262 - INFO - Next run: 2026-08-29 09:00:00
2026-08-28 10:16:51,981 - INFO - Next run: 2026-08-29 09:00:00
2026-08-28 10:17:57,214 - INFO - Next run: 2026-08-29 09:00:00
2026-08-28 10:20:33,475 - INFO - No new images found. Generating AI image...
2026-08-28 10:20:33,504 - INFO - Loaded 15 prompts from prompts.txt
2026-08-28 10:20:33,505 - INFO - Today's prompt: A global business concept with world map and connections, modern office, professional atmosphere...
2026-08-28 10:20:33,505 - INFO - Generating AI image using free service...
2026-08-28 10:20:33,506 - INFO - AI image generated successfully!
2026-08-28 10:20:36,680 - INFO - AI image saved: ai_generated\ai_image_20260828_102033.jpg
2026-08-28 10:20:36,680 - INFO - Image source: AI Generated: A global business concept with world map and conne...
2026-08-28 10:20:36,681 - INFO - Posting to Facebook Feed...
2026-08-28 10:20:38,234 - INFO - Posting to Instagram Feed...
2026-08-28 10:20:50,059 - INFO - Posting to Instagram Story...
2026-08-28 10:21:01,415 - INFO - Total: 2/3 posts published successfully
2026-08-28 10:23:30,163 - INFO - Next run: 2026-08-29 09:00:00
2026-08-28 10:23:49,470 - INFO - Next run: 2026-08-29 09:00:00
2026-08-28 10:24:06,831 - INFO - Next run: 2026-08-29 09:00:00
2026-08-28 10:24:13,561 - INFO - Next run: 2026-08-29 09:00:00
2026-08-28 10:24:36,265 - INFO - No new images found. Generating AI image...
2026-08-28 10:24:36,265 - INFO - Loaded 15 prompts from prompts.txt
2026-08-28 10:24:36,265 - INFO - Today's prompt: A global business concept with world map and connections, modern office, professional atmosphere...
2026-08-28 10:24:36,266 - INFO - Generating AI image using free service...
2026-08-28 10:24:36,266 - INFO - AI image generated successfully!
2026-08-28 10:24:37,609 - INFO - AI image saved: ai_generated\ai_image_20260828_102436.jpg
2026-08-28 10:24:37,610 - INFO - Image source: AI Generated: A global business concept with world map and conne...
2026-08-28 10:24:37,610 - INFO - Posting to Facebook Feed...
2026-08-28 10:24:40,131 - INFO - Posting to Instagram Feed...
2026-08-28 10:24:51,489 - INFO - Posting to Instagram Story...
2026-08-28 10:25:01,610 - INFO - Total: 2/3 posts published successfully
2026-08-28 10:27:21,813 - INFO - No new images found. Generating AI image...
2026-08-28 10:27:21,813 - INFO - Loaded 15 prompts from prompts.txt
2026-08-28 10:27:21,813 - INFO - Today's prompt: A global business concept with world map and connections, modern office, professional atmosphere...
2026-08-28 10:27:21,813 - INFO - Generating AI image using free service...
2026-08-28 10:27:21,814 - INFO - AI image generated successfully!
2026-08-28 10:27:22,922 - INFO - AI image saved: ai_generated\ai_image_20260828_102721.jpg
2026-08-28 10:27:22,922 - INFO - Image source: AI Generated: A global business concept with world map and conne...
2026-08-28 10:27:22,922 - INFO - Posting to Facebook Feed...
2026-08-28 10:27:24,908 - INFO - Posting to Instagram Feed...
2026-08-28 10:27:38,101 - INFO - Posting to Instagram Story...
2026-08-28 10:27:50,284 - INFO - Total: 2/3 posts published successfully
2026-08-28 10:28:09,796 - INFO - No new images found. Generating AI image...
2026-08-28 10:28:09,796 - INFO - Loaded 15 prompts from prompts.txt
2026-08-28 10:28:09,796 - INFO - Today's prompt: A global business concept with world map and connections, modern office, professional atmosphere...
2026-08-28 10:28:09,797 - INFO - Generating AI image using free service...
2026-08-28 10:28:09,797 - INFO - AI image generated successfully!
2026-08-28 10:28:11,209 - INFO - AI image saved: ai_generated\ai_image_20260828_102809.jpg
2026-08-28 10:28:11,209 - INFO - Image source: AI Generated: A global business concept with world map and conne...
2026-08-28 10:28:11,210 - INFO - Posting to Facebook Feed...
2026-08-28 10:28:12,968 - INFO - Posting to Instagram Feed...
2026-08-28 10:28:25,226 - INFO - Posting to Instagram Story...
2026-08-28 10:28:35,760 - INFO - Total: 2/3 posts published successfully
2026-08-28 10:37:04,945 - INFO - Next run: 2026-08-29 09:00:00
2026-08-28 10:37:08,578 - INFO - No new images found. Generating AI image...
2026-08-28 10:37:08,579 - INFO - Loaded 15 prompts from prompts.txt
2026-08-28 10:37:08,579 - INFO - Today's prompt: A global business concept with world map and connections, modern office, professional atmosphere...
2026-08-28 10:37:08,579 - INFO - Generating AI image using free service...
2026-08-28 10:37:08,579 - INFO - AI image generated successfully!
2026-08-28 10:37:09,672 - INFO - AI image saved: ai_generated\ai_image_20260828_103708.jpg
2026-08-28 10:37:09,672 - INFO - Image source: AI Generated: A global business concept with world map and conne...
2026-08-28 10:37:09,672 - INFO - Posting to Facebook Feed...
2026-08-28 10:37:11,916 - INFO - Posting to Instagram Feed...
2026-08-28 10:37:25,224 - INFO - Posting to Instagram Story...
2026-08-28 10:37:35,820 - INFO - Total: 2/3 posts published successfully
2026-08-28 10:42:22,521 - INFO - No new images found. Generating AI image...
2026-08-28 10:42:22,521 - INFO - Loaded 15 prompts from prompts.txt
2026-08-28 10:42:22,522 - INFO - Today's prompt: A global business concept with world map and connections, modern office, professional atmosphere...
2026-08-28 10:42:22,522 - INFO - Generating AI image using free service...
2026-08-28 10:42:22,522 - INFO - AI image generated successfully!
2026-08-28 10:42:23,960 - INFO - AI image saved: ai_generated\ai_image_20260828_104222.jpg
2026-08-28 10:42:23,960 - INFO - Image source: AI Generated: A global business concept with world map and conne...
2026-08-28 10:42:23,960 - INFO - Posting to Facebook Feed...
2026-08-28 10:42:25,963 - INFO - Posting to Instagram Feed...
2026-08-28 10:42:37,713 - INFO - Posting to Instagram Story...
2026-08-28 10:42:52,307 - INFO - Total: 2/3 posts published successfully
2026-08-28 10:55:05,878 - INFO - Next run: 2026-08-29 09:00:00
2026-08-28 10:55:42,333 - INFO - Next run: 2026-08-29 09:00:00
2026-08-28 10:58:49,071 - INFO - Next run: 2026-08-29 09:00:00
2026-08-28 10:59:08,556 - INFO - Next run: 2026-08-29 09:00:00
2026-08-28 10:59:29,885 - INFO - No new images found. Generating AI image...
2026-08-28 10:59:29,886 - INFO - Loaded 15 prompts from prompts.txt
2026-08-28 10:59:29,886 - INFO - Today's prompt: A global business concept with world map and connections, modern office, professional atmosphere...
2026-08-28 10:59:29,886 - INFO - Generating AI image using free service...
2026-08-28 10:59:29,886 - INFO - AI image generated successfully!
2026-08-28 10:59:30,833 - INFO - AI image saved: ai_generated\ai_image_20260828_105929.jpg
2026-08-28 10:59:30,833 - INFO - Image source: AI Generated: A global business concept with world map and conne...
2026-08-28 10:59:30,833 - INFO - Posting to Facebook Feed...
2026-08-28 10:59:37,110 - INFO - Posting to Instagram Feed...
2026-08-28 10:59:48,688 - INFO - Posting to Instagram Story...
2026-08-28 11:00:00,734 - INFO - Total: 3/3 posts published successfully
